
*** Running vivado
    with args -log TopLevel.vdi -applog -m64 -product Vivado -messageDb vivado.pb -mode batch -source TopLevel.tcl -notrace


****** Vivado v2017.1 (64-bit)
  **** SW Build 1846317 on Fri Apr 14 18:54:47 MDT 2017
  **** IP Build 1846188 on Fri Apr 14 20:52:08 MDT 2017
    ** Copyright 1986-2017 Xilinx, Inc. All Rights Reserved.

source TopLevel.tcl -notrace
Design is defaulting to srcset: sources_1
Design is defaulting to constrset: constrs_1
INFO: [Netlist 29-17] Analyzing 303 Unisim elements for replacement
INFO: [Netlist 29-28] Unisim Transformation completed in 0 CPU seconds
INFO: [Project 1-479] Netlist was created with Vivado 2017.1
INFO: [Device 21-403] Loading part xc7a100tcsg324-1
INFO: [Project 1-570] Preparing netlist for logic optimization
Parsing XDC File [/home/bogdan/licenta/FPWAM/hardware/src/constraints/Nexys4_Master.xdc]
Finished Parsing XDC File [/home/bogdan/licenta/FPWAM/hardware/src/constraints/Nexys4_Master.xdc]
INFO: [Opt 31-138] Pushed 0 inverter(s) to 0 load pin(s).
INFO: [Project 1-111] Unisim Transformation Summary:
No Unisim elements were transformed.

link_design: Time (s): cpu = 00:00:07 ; elapsed = 00:00:07 . Memory (MB): peak = 1324.574 ; gain = 241.355 ; free physical = 6000 ; free virtual = 6857
Command: opt_design
Attempting to get a license for feature 'Implementation' and/or device 'xc7a100t-csg324'
INFO: [Common 17-349] Got license for feature 'Implementation' and/or device 'xc7a100t-csg324'
Running DRC as a precondition to command opt_design

Starting DRC Task
Command: report_drc (run_mandatory_drcs) for: opt_checks
INFO: [DRC 23-27] Running DRC with 4 threads
report_drc (run_mandatory_drcs) completed successfully
INFO: [Project 1-461] DRC finished with 0 Errors
INFO: [Project 1-462] Please refer to the DRC report (report_drc) for more information.

Time (s): cpu = 00:00:02 ; elapsed = 00:00:00.56 . Memory (MB): peak = 1377.590 ; gain = 52.016 ; free physical = 5992 ; free virtual = 6848
INFO: [Timing 38-35] Done setting XDC timing constraints.

Starting Logic Optimization Task

Phase 1 Retarget
INFO: [Opt 31-138] Pushed 0 inverter(s) to 0 load pin(s).
INFO: [Opt 31-49] Retargeted 0 cell(s).
Phase 1 Retarget | Checksum: 161488b0f

Time (s): cpu = 00:00:00.56 ; elapsed = 00:00:00.45 . Memory (MB): peak = 1832.020 ; gain = 0.000 ; free physical = 5609 ; free virtual = 6465
INFO: [Opt 31-389] Phase Retarget created 0 cells and removed 679 cells

Phase 2 Constant propagation
INFO: [Opt 31-138] Pushed 0 inverter(s) to 0 load pin(s).
Phase 2 Constant propagation | Checksum: 156e74463

Time (s): cpu = 00:00:00.91 ; elapsed = 00:00:00.81 . Memory (MB): peak = 1832.020 ; gain = 0.000 ; free physical = 5606 ; free virtual = 6463
INFO: [Opt 31-389] Phase Constant propagation created 44 cells and removed 122 cells

Phase 3 Sweep
Phase 3 Sweep | Checksum: 17f54a9a0

Time (s): cpu = 00:00:01 ; elapsed = 00:00:00.99 . Memory (MB): peak = 1832.020 ; gain = 0.000 ; free physical = 5606 ; free virtual = 6463
INFO: [Opt 31-389] Phase Sweep created 0 cells and removed 23 cells

Phase 4 BUFG optimization
Phase 4 BUFG optimization | Checksum: 17f54a9a0

Time (s): cpu = 00:00:01 ; elapsed = 00:00:01 . Memory (MB): peak = 1832.020 ; gain = 0.000 ; free physical = 5606 ; free virtual = 6462
INFO: [Opt 31-389] Phase BUFG optimization created 0 cells and removed 0 cells

Phase 5 Shift Register Optimization
Phase 5 Shift Register Optimization | Checksum: 17f54a9a0

Time (s): cpu = 00:00:01 ; elapsed = 00:00:01 . Memory (MB): peak = 1832.020 ; gain = 0.000 ; free physical = 5606 ; free virtual = 6462
INFO: [Opt 31-389] Phase Shift Register Optimization created 0 cells and removed 0 cells

Starting Connectivity Check Task

Time (s): cpu = 00:00:00.01 ; elapsed = 00:00:00.01 . Memory (MB): peak = 1832.020 ; gain = 0.000 ; free physical = 5606 ; free virtual = 6462
Ending Logic Optimization Task | Checksum: 17f54a9a0

Time (s): cpu = 00:00:01 ; elapsed = 00:00:01 . Memory (MB): peak = 1832.020 ; gain = 0.000 ; free physical = 5606 ; free virtual = 6462

Starting Power Optimization Task
INFO: [Pwropt 34-132] Skipping clock gating for clocks with a period < 2.00 ns.
INFO: [Timing 38-35] Done setting XDC timing constraints.
Running Vector-less Activity Propagation...

Finished Running Vector-less Activity Propagation
INFO: [Pwropt 34-9] Applying IDT optimizations ...
INFO: [Pwropt 34-10] Applying ODC optimizations ...


Starting PowerOpt Patch Enables Task
INFO: [Pwropt 34-162] WRITE_MODE attribute of 0 BRAM(s) out of a total of 38 has been updated to save power. Run report_power_opt to get a complete listing of the BRAMs updated.
INFO: [Pwropt 34-201] Structural ODC has moved 0 WE to EN ports
Number of BRAM Ports augmented: 0 newly gated: 0 Total Ports: 76
Ending PowerOpt Patch Enables Task | Checksum: c7ab4972

Time (s): cpu = 00:00:00.02 ; elapsed = 00:00:00.02 . Memory (MB): peak = 2051.332 ; gain = 0.000 ; free physical = 5548 ; free virtual = 6405
Ending Power Optimization Task | Checksum: c7ab4972

Time (s): cpu = 00:00:16 ; elapsed = 00:00:15 . Memory (MB): peak = 2051.332 ; gain = 219.312 ; free physical = 5556 ; free virtual = 6413
26 Infos, 0 Warnings, 0 Critical Warnings and 0 Errors encountered.
opt_design completed successfully
opt_design: Time (s): cpu = 00:00:28 ; elapsed = 00:00:27 . Memory (MB): peak = 2051.332 ; gain = 726.758 ; free physical = 5556 ; free virtual = 6413
Writing placer database...
Writing XDEF routing.
Writing XDEF routing logical nets.
Writing XDEF routing special nets.
Write XDEF Complete: Time (s): cpu = 00:00:00.04 ; elapsed = 00:00:00.01 . Memory (MB): peak = 2051.332 ; gain = 0.000 ; free physical = 5556 ; free virtual = 6413
INFO: [Common 17-1381] The checkpoint '/home/bogdan/licenta/FPWAM/hardware/proj/User_Demo.runs/impl_1/TopLevel_opt.dcp' has been generated.
Command: report_drc -file TopLevel_drc_opted.rpt
INFO: [DRC 23-27] Running DRC with 4 threads
INFO: [Coretcl 2-168] The results of DRC are in file /home/bogdan/licenta/FPWAM/hardware/proj/User_Demo.runs/impl_1/TopLevel_drc_opted.rpt.
report_drc completed successfully
INFO: [Chipscope 16-241] No debug cores found in the current design.
Before running the implement_debug_core command, either use the Set Up Debug wizard (GUI mode)
or use the create_debug_core and connect_debug_core Tcl commands to insert debug cores into the design.
Command: place_design
Attempting to get a license for feature 'Implementation' and/or device 'xc7a100t-csg324'
INFO: [Common 17-349] Got license for feature 'Implementation' and/or device 'xc7a100t-csg324'
Command: report_drc (run_mandatory_drcs) for: incr_eco_checks
INFO: [DRC 23-27] Running DRC with 4 threads
report_drc (run_mandatory_drcs) completed successfully
INFO: [Vivado_Tcl 4-198] DRC finished with 0 Errors
INFO: [Vivado_Tcl 4-199] Please refer to the DRC report (report_drc) for more information.
Running DRC as a precondition to command place_design
Command: report_drc (run_mandatory_drcs) for: placer_checks
INFO: [DRC 23-27] Running DRC with 4 threads
report_drc (run_mandatory_drcs) completed successfully
INFO: [Vivado_Tcl 4-198] DRC finished with 0 Errors
INFO: [Vivado_Tcl 4-199] Please refer to the DRC report (report_drc) for more information.

Starting Placer Task
INFO: [Place 30-611] Multithreading enabled for place_design using a maximum of 4 CPUs

Phase 1 Placer Initialization

Phase 1.1 Placer Initialization Netlist Sorting
Netlist sorting complete. Time (s): cpu = 00:00:00 ; elapsed = 00:00:00.01 . Memory (MB): peak = 2051.332 ; gain = 0.000 ; free physical = 5549 ; free virtual = 6406
Phase 1.1 Placer Initialization Netlist Sorting | Checksum: 86ac2e1a

Time (s): cpu = 00:00:00.02 ; elapsed = 00:00:00.02 . Memory (MB): peak = 2051.332 ; gain = 0.000 ; free physical = 5549 ; free virtual = 6406
INFO: [Timing 38-35] Done setting XDC timing constraints.
INFO: [Opt 31-138] Pushed 0 inverter(s) to 0 load pin(s).
Netlist sorting complete. Time (s): cpu = 00:00:00.01 ; elapsed = 00:00:00 . Memory (MB): peak = 2051.332 ; gain = 0.000 ; free physical = 5551 ; free virtual = 6408

Phase 1.2 IO Placement/ Clock Placement/ Build Placer Device
INFO: [Timing 38-35] Done setting XDC timing constraints.
Phase 1.2 IO Placement/ Clock Placement/ Build Placer Device | Checksum: 19137f426

Time (s): cpu = 00:00:02 ; elapsed = 00:00:01 . Memory (MB): peak = 2051.332 ; gain = 0.000 ; free physical = 5543 ; free virtual = 6401

Phase 1.3 Build Placer Netlist Model
Phase 1.3 Build Placer Netlist Model | Checksum: 23289bfce

Time (s): cpu = 00:00:05 ; elapsed = 00:00:03 . Memory (MB): peak = 2052.340 ; gain = 1.008 ; free physical = 5541 ; free virtual = 6399

Phase 1.4 Constrain Clocks/Macros
Phase 1.4 Constrain Clocks/Macros | Checksum: 23289bfce

Time (s): cpu = 00:00:05 ; elapsed = 00:00:03 . Memory (MB): peak = 2052.340 ; gain = 1.008 ; free physical = 5541 ; free virtual = 6399
Phase 1 Placer Initialization | Checksum: 23289bfce

Time (s): cpu = 00:00:05 ; elapsed = 00:00:03 . Memory (MB): peak = 2052.340 ; gain = 1.008 ; free physical = 5541 ; free virtual = 6399

Phase 2 Global Placement
Phase 2 Global Placement | Checksum: 175523e8b

Time (s): cpu = 00:00:16 ; elapsed = 00:00:09 . Memory (MB): peak = 2076.352 ; gain = 25.020 ; free physical = 5527 ; free virtual = 6385

Phase 3 Detail Placement

Phase 3.1 Commit Multi Column Macros
Phase 3.1 Commit Multi Column Macros | Checksum: 175523e8b

Time (s): cpu = 00:00:16 ; elapsed = 00:00:09 . Memory (MB): peak = 2076.352 ; gain = 25.020 ; free physical = 5527 ; free virtual = 6385

Phase 3.2 Commit Most Macros & LUTRAMs
Phase 3.2 Commit Most Macros & LUTRAMs | Checksum: 20b4c63cc

Time (s): cpu = 00:00:19 ; elapsed = 00:00:11 . Memory (MB): peak = 2076.352 ; gain = 25.020 ; free physical = 5525 ; free virtual = 6382

Phase 3.3 Area Swap Optimization
Phase 3.3 Area Swap Optimization | Checksum: 1c7c988fd

Time (s): cpu = 00:00:19 ; elapsed = 00:00:11 . Memory (MB): peak = 2076.352 ; gain = 25.020 ; free physical = 5525 ; free virtual = 6382

Phase 3.4 Pipeline Register Optimization
Phase 3.4 Pipeline Register Optimization | Checksum: 1c7c988fd

Time (s): cpu = 00:00:19 ; elapsed = 00:00:11 . Memory (MB): peak = 2076.352 ; gain = 25.020 ; free physical = 5525 ; free virtual = 6382

Phase 3.5 Timing Path Optimizer
Phase 3.5 Timing Path Optimizer | Checksum: 219baf046

Time (s): cpu = 00:00:20 ; elapsed = 00:00:11 . Memory (MB): peak = 2076.352 ; gain = 25.020 ; free physical = 5525 ; free virtual = 6382

Phase 3.6 Fast Optimization
Phase 3.6 Fast Optimization | Checksum: 1b6d83fb6

Time (s): cpu = 00:00:20 ; elapsed = 00:00:11 . Memory (MB): peak = 2076.352 ; gain = 25.020 ; free physical = 5525 ; free virtual = 6383

Phase 3.7 Small Shape Detail Placement
Phase 3.7 Small Shape Detail Placement | Checksum: 185711f18

Time (s): cpu = 00:00:22 ; elapsed = 00:00:14 . Memory (MB): peak = 2076.352 ; gain = 25.020 ; free physical = 5523 ; free virtual = 6381

Phase 3.8 Re-assign LUT pins
Phase 3.8 Re-assign LUT pins | Checksum: 138e0c39e

Time (s): cpu = 00:00:23 ; elapsed = 00:00:14 . Memory (MB): peak = 2076.352 ; gain = 25.020 ; free physical = 5523 ; free virtual = 6381

Phase 3.9 Pipeline Register Optimization
Phase 3.9 Pipeline Register Optimization | Checksum: 138e0c39e

Time (s): cpu = 00:00:23 ; elapsed = 00:00:14 . Memory (MB): peak = 2076.352 ; gain = 25.020 ; free physical = 5524 ; free virtual = 6381

Phase 3.10 Fast Optimization
Phase 3.10 Fast Optimization | Checksum: 1a00a455a

Time (s): cpu = 00:00:24 ; elapsed = 00:00:15 . Memory (MB): peak = 2076.352 ; gain = 25.020 ; free physical = 5522 ; free virtual = 6379
Phase 3 Detail Placement | Checksum: 1a00a455a

Time (s): cpu = 00:00:24 ; elapsed = 00:00:15 . Memory (MB): peak = 2076.352 ; gain = 25.020 ; free physical = 5522 ; free virtual = 6379

Phase 4 Post Placement Optimization and Clean-Up

Phase 4.1 Post Commit Optimization
INFO: [Timing 38-35] Done setting XDC timing constraints.

Phase 4.1.1 Post Placement Optimization
Post Placement Optimization Initialization | Checksum: 198a1e9fc

Phase 4.1.1.1 BUFG Insertion
INFO: [Physopt 32-721] Multithreading enabled for phys_opt_design using a maximum of 4 CPUs
INFO: [Place 46-41] BUFG insertion identified 0 candidate nets, 0 success, 0 skipped for placement/routing, 0 skipped for timing, 0 skipped for netlist change reason.
Phase 4.1.1.1 BUFG Insertion | Checksum: 198a1e9fc

Time (s): cpu = 00:00:27 ; elapsed = 00:00:16 . Memory (MB): peak = 2076.352 ; gain = 25.020 ; free physical = 5518 ; free virtual = 6376
INFO: [Place 30-746] Post Placement Timing Summary WNS=0.396. For the most accurate timing information please run report_timing.
Phase 4.1.1 Post Placement Optimization | Checksum: 210569759

Time (s): cpu = 00:00:42 ; elapsed = 00:00:32 . Memory (MB): peak = 2076.352 ; gain = 25.020 ; free physical = 5522 ; free virtual = 6379
Phase 4.1 Post Commit Optimization | Checksum: 210569759

Time (s): cpu = 00:00:42 ; elapsed = 00:00:32 . Memory (MB): peak = 2076.352 ; gain = 25.020 ; free physical = 5522 ; free virtual = 6379

Phase 4.2 Post Placement Cleanup
Phase 4.2 Post Placement Cleanup | Checksum: 210569759

Time (s): cpu = 00:00:42 ; elapsed = 00:00:32 . Memory (MB): peak = 2076.352 ; gain = 25.020 ; free physical = 5522 ; free virtual = 6379

Phase 4.3 Placer Reporting
Phase 4.3 Placer Reporting | Checksum: 210569759

Time (s): cpu = 00:00:42 ; elapsed = 00:00:32 . Memory (MB): peak = 2076.352 ; gain = 25.020 ; free physical = 5523 ; free virtual = 6381

Phase 4.4 Final Placement Cleanup
Phase 4.4 Final Placement Cleanup | Checksum: 19df9372f

Time (s): cpu = 00:00:42 ; elapsed = 00:00:32 . Memory (MB): peak = 2076.352 ; gain = 25.020 ; free physical = 5523 ; free virtual = 6381
Phase 4 Post Placement Optimization and Clean-Up | Checksum: 19df9372f

Time (s): cpu = 00:00:42 ; elapsed = 00:00:32 . Memory (MB): peak = 2076.352 ; gain = 25.020 ; free physical = 5523 ; free virtual = 6381
Ending Placer Task | Checksum: ea84067f

Time (s): cpu = 00:00:42 ; elapsed = 00:00:32 . Memory (MB): peak = 2076.352 ; gain = 25.020 ; free physical = 5533 ; free virtual = 6391
45 Infos, 0 Warnings, 0 Critical Warnings and 0 Errors encountered.
place_design completed successfully
place_design: Time (s): cpu = 00:00:44 ; elapsed = 00:00:32 . Memory (MB): peak = 2076.352 ; gain = 25.020 ; free physical = 5533 ; free virtual = 6391
Writing placer database...
Writing XDEF routing.
Writing XDEF routing logical nets.
Writing XDEF routing special nets.
Write XDEF Complete: Time (s): cpu = 00:00:02 ; elapsed = 00:00:00.75 . Memory (MB): peak = 2076.352 ; gain = 0.000 ; free physical = 5529 ; free virtual = 6393
INFO: [Common 17-1381] The checkpoint '/home/bogdan/licenta/FPWAM/hardware/proj/User_Demo.runs/impl_1/TopLevel_placed.dcp' has been generated.
report_io: Time (s): cpu = 00:00:00.09 ; elapsed = 00:00:00.11 . Memory (MB): peak = 2076.352 ; gain = 0.000 ; free physical = 5527 ; free virtual = 6385
report_utilization: Time (s): cpu = 00:00:00.04 ; elapsed = 00:00:00.05 . Memory (MB): peak = 2076.352 ; gain = 0.000 ; free physical = 5533 ; free virtual = 6391
report_control_sets: Time (s): cpu = 00:00:00.02 ; elapsed = 00:00:00.02 . Memory (MB): peak = 2076.352 ; gain = 0.000 ; free physical = 5533 ; free virtual = 6391
Command: route_design
Attempting to get a license for feature 'Implementation' and/or device 'xc7a100t-csg324'
INFO: [Common 17-349] Got license for feature 'Implementation' and/or device 'xc7a100t-csg324'
Running DRC as a precondition to command route_design
Command: report_drc (run_mandatory_drcs) for: router_checks
INFO: [DRC 23-27] Running DRC with 4 threads
report_drc (run_mandatory_drcs) completed successfully
INFO: [Vivado_Tcl 4-198] DRC finished with 0 Errors
INFO: [Vivado_Tcl 4-199] Please refer to the DRC report (report_drc) for more information.


Starting Routing Task
INFO: [Route 35-254] Multithreading enabled for route_design using a maximum of 4 CPUs
Checksum: PlaceDB: b4d0a7a7 ConstDB: 0 ShapeSum: 35b35ed8 RouteDB: 0

Phase 1 Build RT Design
Phase 1 Build RT Design | Checksum: b6cc9b4f

Time (s): cpu = 00:00:39 ; elapsed = 00:00:31 . Memory (MB): peak = 2076.352 ; gain = 0.000 ; free physical = 5385 ; free virtual = 6244

Phase 2 Router Initialization

Phase 2.1 Create Timer
Phase 2.1 Create Timer | Checksum: b6cc9b4f

Time (s): cpu = 00:00:39 ; elapsed = 00:00:31 . Memory (MB): peak = 2076.352 ; gain = 0.000 ; free physical = 5384 ; free virtual = 6243

Phase 2.2 Fix Topology Constraints
Phase 2.2 Fix Topology Constraints | Checksum: b6cc9b4f

Time (s): cpu = 00:00:39 ; elapsed = 00:00:31 . Memory (MB): peak = 2076.352 ; gain = 0.000 ; free physical = 5369 ; free virtual = 6227

Phase 2.3 Pre Route Cleanup
Phase 2.3 Pre Route Cleanup | Checksum: b6cc9b4f

Time (s): cpu = 00:00:39 ; elapsed = 00:00:31 . Memory (MB): peak = 2076.352 ; gain = 0.000 ; free physical = 5369 ; free virtual = 6227
 Number of Nodes with overlaps = 0

Phase 2.4 Update Timing
Phase 2.4 Update Timing | Checksum: 1af7f659b

Time (s): cpu = 00:00:43 ; elapsed = 00:00:33 . Memory (MB): peak = 2077.766 ; gain = 1.414 ; free physical = 5356 ; free virtual = 6214
INFO: [Route 35-416] Intermediate Timing Summary | WNS=0.410  | TNS=0.000  | WHS=-0.136 | THS=-21.639|

Phase 2 Router Initialization | Checksum: 198911433

Time (s): cpu = 00:00:43 ; elapsed = 00:00:33 . Memory (MB): peak = 2077.766 ; gain = 1.414 ; free physical = 5355 ; free virtual = 6214

Phase 3 Initial Routing
Phase 3 Initial Routing | Checksum: 25e53b753

Time (s): cpu = 00:01:52 ; elapsed = 00:00:53 . Memory (MB): peak = 2206.758 ; gain = 130.406 ; free physical = 5353 ; free virtual = 6212

Phase 4 Rip-up And Reroute

Phase 4.1 Global Iteration 0
 Number of Nodes with overlaps = 1747
 Number of Nodes with overlaps = 341
 Number of Nodes with overlaps = 87
 Number of Nodes with overlaps = 24
 Number of Nodes with overlaps = 11
 Number of Nodes with overlaps = 7
 Number of Nodes with overlaps = 2
 Number of Nodes with overlaps = 4
 Number of Nodes with overlaps = 3
 Number of Nodes with overlaps = 0
INFO: [Route 35-416] Intermediate Timing Summary | WNS=0.255  | TNS=0.000  | WHS=N/A    | THS=N/A    |

Phase 4.1 Global Iteration 0 | Checksum: 15a2cc006

Time (s): cpu = 00:02:59 ; elapsed = 00:01:37 . Memory (MB): peak = 2206.758 ; gain = 130.406 ; free physical = 5354 ; free virtual = 6213
Phase 4 Rip-up And Reroute | Checksum: 15a2cc006

Time (s): cpu = 00:02:59 ; elapsed = 00:01:37 . Memory (MB): peak = 2206.758 ; gain = 130.406 ; free physical = 5354 ; free virtual = 6213

Phase 5 Delay and Skew Optimization

Phase 5.1 Delay CleanUp

Phase 5.1.1 Update Timing
Phase 5.1.1 Update Timing | Checksum: 1e90804b6

Time (s): cpu = 00:03:00 ; elapsed = 00:01:37 . Memory (MB): peak = 2206.758 ; gain = 130.406 ; free physical = 5354 ; free virtual = 6213
INFO: [Route 35-416] Intermediate Timing Summary | WNS=0.262  | TNS=0.000  | WHS=N/A    | THS=N/A    |

Phase 5.1 Delay CleanUp | Checksum: 1e90804b6

Time (s): cpu = 00:03:00 ; elapsed = 00:01:37 . Memory (MB): peak = 2206.758 ; gain = 130.406 ; free physical = 5354 ; free virtual = 6213

Phase 5.2 Clock Skew Optimization
Phase 5.2 Clock Skew Optimization | Checksum: 1e90804b6

Time (s): cpu = 00:03:00 ; elapsed = 00:01:37 . Memory (MB): peak = 2206.758 ; gain = 130.406 ; free physical = 5354 ; free virtual = 6213
Phase 5 Delay and Skew Optimization | Checksum: 1e90804b6

Time (s): cpu = 00:03:00 ; elapsed = 00:01:37 . Memory (MB): peak = 2206.758 ; gain = 130.406 ; free physical = 5354 ; free virtual = 6213

Phase 6 Post Hold Fix

Phase 6.1 Hold Fix Iter

Phase 6.1.1 Update Timing
Phase 6.1.1 Update Timing | Checksum: 21bed4a84

Time (s): cpu = 00:03:00 ; elapsed = 00:01:38 . Memory (MB): peak = 2206.758 ; gain = 130.406 ; free physical = 5354 ; free virtual = 6213
INFO: [Route 35-416] Intermediate Timing Summary | WNS=0.262  | TNS=0.000  | WHS=0.136  | THS=0.000  |

Phase 6.1 Hold Fix Iter | Checksum: 21695d95d

Time (s): cpu = 00:03:00 ; elapsed = 00:01:38 . Memory (MB): peak = 2206.758 ; gain = 130.406 ; free physical = 5354 ; free virtual = 6213
Phase 6 Post Hold Fix | Checksum: 21695d95d

Time (s): cpu = 00:03:00 ; elapsed = 00:01:38 . Memory (MB): peak = 2206.758 ; gain = 130.406 ; free physical = 5354 ; free virtual = 6213

Phase 7 Route finalize

Router Utilization Summary
  Global Vertical Routing Utilization    = 2.2543 %
  Global Horizontal Routing Utilization  = 2.65637 %
  Routable Net Status*
  *Does not include unroutable nets such as driverless and loadless.
  Run report_route_status for detailed report.
  Number of Failed Nets               = 0
  Number of Unrouted Nets             = 0
  Number of Partially Routed Nets     = 0
  Number of Node Overlaps             = 0

Phase 7 Route finalize | Checksum: 15f4e3237

Time (s): cpu = 00:03:01 ; elapsed = 00:01:38 . Memory (MB): peak = 2206.758 ; gain = 130.406 ; free physical = 5354 ; free virtual = 6213

Phase 8 Verifying routed nets

 Verification completed successfully
Phase 8 Verifying routed nets | Checksum: 15f4e3237

Time (s): cpu = 00:03:01 ; elapsed = 00:01:38 . Memory (MB): peak = 2206.758 ; gain = 130.406 ; free physical = 5353 ; free virtual = 6212

Phase 9 Depositing Routes
Phase 9 Depositing Routes | Checksum: 93d45272

Time (s): cpu = 00:03:01 ; elapsed = 00:01:39 . Memory (MB): peak = 2206.758 ; gain = 130.406 ; free physical = 5355 ; free virtual = 6214

Phase 10 Post Router Timing
INFO: [Route 35-57] Estimated Timing Summary | WNS=0.262  | TNS=0.000  | WHS=0.136  | THS=0.000  |

INFO: [Route 35-327] The final timing numbers are based on the router estimated timing analysis. For a complete and accurate timing signoff, please run report_timing_summary.
Phase 10 Post Router Timing | Checksum: 93d45272

Time (s): cpu = 00:03:02 ; elapsed = 00:01:39 . Memory (MB): peak = 2206.758 ; gain = 130.406 ; free physical = 5355 ; free virtual = 6214
INFO: [Route 35-16] Router Completed Successfully

Time (s): cpu = 00:03:02 ; elapsed = 00:01:39 . Memory (MB): peak = 2206.758 ; gain = 130.406 ; free physical = 5375 ; free virtual = 6233

Routing Is Done.
58 Infos, 0 Warnings, 0 Critical Warnings and 0 Errors encountered.
route_design completed successfully
route_design: Time (s): cpu = 00:03:05 ; elapsed = 00:01:40 . Memory (MB): peak = 2206.848 ; gain = 130.496 ; free physical = 5375 ; free virtual = 6233
Writing placer database...
Writing XDEF routing.
Writing XDEF routing logical nets.
Writing XDEF routing special nets.
Write XDEF Complete: Time (s): cpu = 00:00:02 ; elapsed = 00:00:00.64 . Memory (MB): peak = 2214.762 ; gain = 0.000 ; free physical = 5367 ; free virtual = 6234
INFO: [Common 17-1381] The checkpoint '/home/bogdan/licenta/FPWAM/hardware/proj/User_Demo.runs/impl_1/TopLevel_routed.dcp' has been generated.
Command: report_drc -file TopLevel_drc_routed.rpt -pb TopLevel_drc_routed.pb -rpx TopLevel_drc_routed.rpx
INFO: [DRC 23-27] Running DRC with 4 threads
INFO: [Coretcl 2-168] The results of DRC are in file /home/bogdan/licenta/FPWAM/hardware/proj/User_Demo.runs/impl_1/TopLevel_drc_routed.rpt.
report_drc completed successfully
Command: report_methodology -file TopLevel_methodology_drc_routed.rpt -rpx TopLevel_methodology_drc_routed.rpx
INFO: [Timing 38-35] Done setting XDC timing constraints.
INFO: [DRC 23-133] Running Methodology with 4 threads
INFO: [Coretcl 2-1520] The results of Report Methodology are in file /home/bogdan/licenta/FPWAM/hardware/proj/User_Demo.runs/impl_1/TopLevel_methodology_drc_routed.rpt.
report_methodology completed successfully
Command: report_power -file TopLevel_power_routed.rpt -pb TopLevel_power_summary_routed.pb -rpx TopLevel_power_routed.rpx
INFO: [Timing 38-35] Done setting XDC timing constraints.
Running Vector-less Activity Propagation...

Finished Running Vector-less Activity Propagation
WARNING: [Power 33-332] Found switching activity that implies high-fanout reset nets being asserted for excessive periods of time which may result in inaccurate power analysis.
Resolution: To review and fix problems, please run Power Constraints Advisor in the GUI from Tools > Power Constraints Advisor or run report_power with the -advisory option to generate a text report.
65 Infos, 1 Warnings, 0 Critical Warnings and 0 Errors encountered.
report_power completed successfully
INFO: [Timing 38-91] UpdateTimingParams: Speed grade: -1, Delay Type: min_max.
INFO: [Timing 38-191] Multithreading enabled for timing update using a maximum of 4 CPUs
Command: write_bitstream -force TopLevel.bit -bin_file
Attempting to get a license for feature 'Implementation' and/or device 'xc7a100t-csg324'
INFO: [Common 17-349] Got license for feature 'Implementation' and/or device 'xc7a100t-csg324'
Running DRC as a precondition to command write_bitstream
Command: report_drc (run_mandatory_drcs) for: bitstream_checks
INFO: [DRC 23-27] Running DRC with 4 threads
WARNING: [DRC CFGBVS-1] Missing CFGBVS and CONFIG_VOLTAGE Design Properties: Neither the CFGBVS nor CONFIG_VOLTAGE voltage property is set in the current_design.  Configuration bank voltage select (CFGBVS) must be set to VCCO or GND, and CONFIG_VOLTAGE must be set to the correct configuration voltage, in order to determine the I/O voltage support for the pins in bank 0.  It is suggested to specify these either using the 'Edit Device Properties' function in the GUI or directly in the XDC file using the following syntax:

 set_property CFGBVS value1 [current_design]
 #where value1 is either VCCO or GND

 set_property CONFIG_VOLTAGE value2 [current_design]
 #where value2 is the voltage provided to configuration bank 0

Refer to the device configuration user guide for more information.
report_drc (run_mandatory_drcs) completed successfully
INFO: [Vivado 12-3199] DRC finished with 0 Errors, 1 Warnings
INFO: [Vivado 12-3200] Please refer to the DRC report (report_drc) for more information.
INFO: [Project 1-821] Please set project.enableDesignId to be 'true'.
INFO: [Designutils 20-2272] Running write_bitstream with 4 threads.
Loading data files...
Loading site data...
Loading route data...
Processing options...
Creating bitmap...
Creating bitstream...
Writing bitstream ./TopLevel.bit...
Writing bitstream ./TopLevel.bin...
INFO: [Vivado 12-1842] Bitgen Completed Successfully.
INFO: [Project 1-120] WebTalk data collection is mandatory when using a WebPACK part without a full Vivado license. To see the specific WebTalk data collected for your design, open the usage_statistics_webtalk.html or usage_statistics_webtalk.xml file in the implementation directory.
INFO: [Common 17-186] '/home/bogdan/licenta/FPWAM/hardware/proj/User_Demo.runs/impl_1/usage_statistics_webtalk.xml' has been successfully sent to Xilinx on Sun Jul 16 03:16:56 2017. For additional details about this file, please refer to the WebTalk help file at /home/bogdan/Xilinx/Vivado/2017.1/doc/webtalk_introduction.html.
76 Infos, 2 Warnings, 0 Critical Warnings and 0 Errors encountered.
write_bitstream completed successfully
write_bitstream: Time (s): cpu = 00:00:22 ; elapsed = 00:00:16 . Memory (MB): peak = 2445.750 ; gain = 166.957 ; free physical = 5303 ; free virtual = 6172
INFO: [Common 17-206] Exiting Vivado at Sun Jul 16 03:16:56 2017...
