Copyright 1986-2017 Xilinx, Inc. All Rights Reserved.
-------------------------------------------------------------------------------------
| Tool Version : Vivado v.2017.1 (lin64) Build 1846317 Fri Apr 14 18:54:47 MDT 2017
| Date         : Sun Jul 16 03:14:52 2017
| Host         : bogdan-arch running 64-bit unknown
| Command      : report_control_sets -verbose -file TopLevel_control_sets_placed.rpt
| Design       : TopLevel
| Device       : xc7a100t
-------------------------------------------------------------------------------------

Control Set Information

Table of Contents
-----------------
1. Summary
2. Flip-Flop Distribution
3. Detailed Control Set Information

1. Summary
----------

+----------------------------------------------------------+-------+
|                          Status                          | Count |
+----------------------------------------------------------+-------+
| Number of unique control sets                            |    41 |
| Unused register locations in slices containing registers |   138 |
+----------------------------------------------------------+-------+


2. Flip-Flop Distribution
-------------------------

+--------------+-----------------------+------------------------+-----------------+--------------+
| Clock Enable | Synchronous Set/Reset | Asynchronous Set/Reset | Total Registers | Total Slices |
+--------------+-----------------------+------------------------+-----------------+--------------+
| No           | No                    | No                     |             294 |          167 |
| No           | No                    | Yes                    |               0 |            0 |
| No           | Yes                   | No                     |              28 |           18 |
| Yes          | No                    | No                     |              44 |           26 |
| Yes          | No                    | Yes                    |               0 |            0 |
| Yes          | Yes                   | No                     |             616 |          316 |
+--------------+-----------------------+------------------------+-----------------+--------------+


3. Detailed Control Set Information
-----------------------------------

+----------------+--------------------------------------------+---------------------------+------------------+----------------+
|  Clock Signal  |                Enable Signal               |      Set/Reset Signal     | Slice Load Count | Bel Load Count |
+----------------+--------------------------------------------+---------------------------+------------------+----------------+
|  clk_IBUF_BUFG | UNIFYU/PDLIST/goal_reg_reg[3]              | CUNIT/SR[0]               |                1 |              4 |
|  clk_IBUF_BUFG | DFC/NRARGS_reg_reg[0][0]                   | CUNIT/rst                 |                1 |              4 |
|  clk_IBUF_BUFG | BINDUNIT/FSM_onehot_cr_state[3]_i_1__0_n_0 | CUNIT/rst                 |                2 |              4 |
|  clk_IBUF_BUFG | CUNIT/FSM_onehot_cr_state[10]_i_1__0_n_0   | CUNIT/sys_rst_start       |                1 |              4 |
|  clk_IBUF_BUFG | UNIFYU/wr_curr_reg2_out                    | UNIFYU/current_reg0       |                2 |              5 |
|  clk_IBUF_BUFG | CUNIT/var_curr_wr                          | CUNIT/sys_rst_start       |                2 |              5 |
|  clk_IBUF_BUFG | DFC/dfc_get_instruction                    | DFC/instr_mem_out_reg[11] |                2 |              6 |
|  clk_IBUF_BUFG | CUART/uart_tx_data_vec[6]_i_1_n_0          | CUNIT/rst                 |                2 |              7 |
|  clk_IBUF_BUFG | UNIFYU/PDLIST/ADDRBWRADDR[0]               | CUNIT/SR[0]               |                8 |              9 |
|  clk_IBUF_BUFG | BSEARCH/cr_state[1]_i_1__2_n_0             | CUNIT/rst                 |                3 |             10 |
|  clk_IBUF_BUFG | DFC/TR_reg_reg[0][0]                       | CUNIT/rst                 |                5 |             10 |
|  clk_IBUF_BUFG | DFC/CP_reg_reg[0][0]                       | CUNIT/rst                 |                5 |             10 |
|  clk_IBUF_BUFG | DFC/out[8]                                 | CUNIT/rst                 |                5 |             10 |
|  clk_IBUF_BUFG | DFC/out[14]                                | CUNIT/rst                 |                5 |             10 |
|  clk_IBUF_BUFG | DFC/out[15]                                | CUNIT/rst                 |                6 |             10 |
|  clk_IBUF_BUFG | UNIFYU/FSM_onehot_cr_state[9]_i_1__0_n_0   | CUNIT/rst                 |                5 |             10 |
|  clk_IBUF_BUFG | UNWINDTRAIL/counter                        | CUNIT/rst                 |                6 |             10 |
|  clk_IBUF_BUFG | millis0                                    | CUNIT/rst                 |                3 |             12 |
|  clk_IBUF_BUFG | DFC/count                                  | DFC/counter[1]_i_1_n_0    |                4 |             15 |
|  clk_IBUF_BUFG | DFC/E_reg_reg[0][0]                        | CUNIT/rst                 |                9 |             16 |
|  clk_IBUF_BUFG | DFC/out[7]                                 | CUNIT/rst                 |                9 |             16 |
|  clk_IBUF_BUFG | DFC/out[6]                                 | CUNIT/rst                 |                9 |             16 |
|  clk_IBUF_BUFG | DFC/S_reg_reg[0][0]                        | CUNIT/rst                 |                5 |             16 |
|  clk_IBUF_BUFG | DFC/HB_reg_reg[0][0]                       | CUNIT/rst                 |                5 |             16 |
|  clk_IBUF_BUFG | DFC/E[0]                                   | CUNIT/rst                 |                4 |             16 |
|  clk_IBUF_BUFG | DFC/B_reg_reg[0][0]                        | CUNIT/rst                 |                9 |             16 |
|  clk_IBUF_BUFG | DEREF1/word_reg_addr[15]_i_1_n_0           |                           |                6 |             16 |
|  clk_IBUF_BUFG | DEREF2/wr_word                             | CUNIT/rst                 |               10 |             18 |
|  clk_IBUF_BUFG | DFC/wr_mem_reg                             | CUNIT/rst                 |                8 |             18 |
|  clk_IBUF_BUFG | DEREF1/wr_word                             | CUNIT/rst                 |                8 |             18 |
|  clk_IBUF_BUFG | DFC/P_reg_reg[0][0]                        | CUNIT/rst                 |                9 |             19 |
|  clk_IBUF_BUFG |                                            | CUNIT/rst                 |               18 |             28 |
|  clk_IBUF_BUFG | BSEARCH/wr_search_word                     | CUNIT/rst                 |               10 |             28 |
|  clk_IBUF_BUFG | DFC/dfc_get_instruction                    |                           |               20 |             28 |
|  clk_IBUF_BUFG | UNIFYU/mem_reg_wr                          | CUNIT/SR[0]               |                9 |             30 |
|  clk_IBUF_BUFG | DFC/mem_addr_reg_wr                        | CUNIT/rst                 |               21 |             32 |
|  clk_IBUF_BUFG | do_count                                   | CUNIT/rst                 |               12 |             32 |
|  clk_IBUF_BUFG | DFC/mem_out1_comb[16]                      | CUNIT/rst                 |               28 |             34 |
|  clk_IBUF_BUFG | BINDUNIT/register_input                    | CUNIT/rst                 |               22 |             36 |
|  clk_IBUF_BUFG | DFC/FSM_onehot_cr_state[83]_i_1_n_0        | CUNIT/rst                 |               61 |             84 |
|  clk_IBUF_BUFG |                                            |                           |              167 |            294 |
+----------------+--------------------------------------------+---------------------------+------------------+----------------+


+--------+-----------------------+
| Fanout | Number of ControlSets |
+--------+-----------------------+
| 4      |                     4 |
| 5      |                     2 |
| 6      |                     1 |
| 7      |                     1 |
| 9      |                     1 |
| 10     |                     8 |
| 12     |                     1 |
| 15     |                     1 |
| 16+    |                    22 |
+--------+-----------------------+


